1308696 chunk probe: run the decisive arms before the slow one
NVIDIA A100-SXM4-80GB, 81920 MiB
==== probe-seed (2026-08-31T23:45:42Z) ====
[transformers] PyTorch was not found. Models won't be available and only tokenizers, configuration and file/data utilities can be used.
[0] EVAL reward 0.052 solved 0.010 format 0.43 29s
[0] reward 0.028 max 1.0 format 0.17 solved 0.01 572.0s
[1] reward 0.017 max 0.1 format 0.17 solved 0.00 608.0s
[2] reward 0.031 max 0.1 format 0.31 solved 0.00 4.3s
[3] reward 0.040 max 1.0 format 0.28 solved 0.01 4.3s
[4] reward 0.043 max 1.0 format 0.31 solved 0.01 4.3s
[5] reward 0.030 max 0.1 format 0.30 solved 0.00 4.3s
[6] reward 0.054 max 1.0 format 0.43 solved 0.01 4.3s
[7] reward 0.069 max 1.0 format 0.39 solved 0.03 4.2s
[8] reward 0.038 max 0.1 format 0.38 solved 0.00 4.3s
[9] reward 0.050 max 1.0 format 0.38 solved 0.01 4.3s
[10] reward 0.059 max 1.0 format 0.33 solved 0.03 4.3s
[11] reward 0.054 max 1.0 format 0.46 solved 0.01 4.3s
[12] reward 0.049 max 1.0 format 0.42 solved 0.01 4.3s
[13] reward 0.054 max 1.0 format 0.46 solved 0.01 4.3s
[14] reward 0.072 max 1.0 format 0.53 solved 0.02 4.3s
[15] reward 0.046 max 0.1 format 0.46 solved 0.00 4.3s
[16] reward 0.058 max 1.0 format 0.55 solved 0.00 4.3s
[17] reward 0.078 max 1.0 format 0.67 solved 0.01 4.3s
[18] reward 0.086 max 1.0 format 0.75 solved 0.01 4.3s
[19] reward 0.081 max 1.0 format 0.55 solved 0.03 4.3s
[20] reward 0.077 max 1.0 format 0.66 solved 0.01 4.3s
[21] reward 0.091 max 1.0 format 0.72 solved 0.02 4.3s
[22] reward 0.103 max 1.0 format 0.69 solved 0.04 4.3s
[23] reward 0.104 max 1.0 format 0.78 solved 0.03 4.3s
[24] reward 0.080 max 1.0 format 0.72 solved 0.01 4.4s
[25] reward 0.087 max 1.0 format 0.69 solved 0.02 4.3s
[26] reward 0.107 max 1.0 format 0.69 solved 0.04 4.3s
[27] reward 0.087 max 1.0 format 0.76 solved 0.01 4.3s
[28] reward 0.077 max 1.0 format 0.73 solved 0.00 4.3s
[29] reward 0.112 max 1.0 format 0.85 solved 0.03 4.3s
[30] EVAL reward 0.136 solved 0.044 format 0.96 25s
done
==== probe-seed-chunk15 (2026-09-01T00:09:44Z) ====
[transformers] PyTorch was not found. Models won't be available and only tokenizers, configuration and file/data utilities can be used.
[0] EVAL reward 0.052 solved 0.011 format 0.42 30s
[0] reward 0.029 max 1.0 format 0.17 solved 0.01 376.7s
[1] reward 0.016 max 0.1 format 0.16 solved 0.00 387.4s
[2] reward 0.036 max 1.0 format 0.32 solved 0.00 3.7s
[3] reward 0.034 max 1.0 format 0.27 solved 0.01 3.7s
[4] reward 0.047 max 1.0 format 0.32 solved 0.02 3.6s
[5] reward 0.030 max 0.1 format 0.30 solved 0.00 3.6s
[6] reward 0.061 max 1.0 format 0.42 solved 0.02 3.6s
[7] reward 0.063 max 1.0 format 0.40 solved 0.03 3.6s
[8] reward 0.040 max 0.1 format 0.40 solved 0.00 3.6s
[9] reward 0.068 max 1.0 format 0.45 solved 0.03 3.5s
[10] reward 0.055 max 1.0 format 0.33 solved 0.03 3.6s
[11] reward 0.061 max 1.0 format 0.46 solved 0.02 3.6s
[12] reward 0.056 max 1.0 format 0.45 solved 0.01 3.6s
[13] reward 0.054 max 1.0 format 0.47 solved 0.01 3.6s
[14] reward 0.079 max 1.0 format 0.60 solved 0.02 3.6s
[15] reward 0.052 max 0.1 format 0.52 solved 0.00 3.6s
[16] reward 0.059 max 1.0 format 0.55 solved 0.00 3.6s
[17] reward 0.084 max 1.0 format 0.69 solved 0.02 3.5s
[18] reward 0.085 max 1.0 format 0.73 solved 0.01 3.6s
[19] reward 0.090 max 1.0 format 0.56 solved 0.04 3.6s
[20] reward 0.080 max 1.0 format 0.65 solved 0.02 3.5s
[21] reward 0.100 max 1.0 format 0.78 solved 0.03 3.5s
[22] reward 0.124 max 1.0 format 0.72 solved 0.06 3.5s
[23] reward 0.103 max 1.0 format 0.80 solved 0.03 3.5s
[24] reward 0.077 max 1.0 format 0.73 solved 0.00 3.6s
[25] reward 0.098 max 1.0 format 0.64 solved 0.04 3.6s
[26] reward 0.099 max 1.0 format 0.69 solved 0.03 3.6s
[27] reward 0.109 max 1.0 format 0.75 solved 0.04 3.6s
[28] reward 0.078 max 1.0 format 0.74 solved 0.00 3.6s
[29] reward 0.111 max 1.0 format 0.85 solved 0.03 3.6s
[30] EVAL reward 0.137 solved 0.046 format 0.96 23s
done
==== probe-lr1 (2026-09-01T00:26:12Z) ====
[transformers] PyTorch was not found. Models won't be available and only tokenizers, configuration and file/data utilities can be used.
[0] EVAL reward 0.055 solved 0.013 format 0.43 29s
[0] reward 0.027 max 1.0 format 0.20 solved 0.01 349.3s
[1] reward 0.029 max 1.0 format 0.25 solved 0.00 381.3s
[2] reward 0.029 max 0.1 format 0.29 solved 0.00 2.5s
[3] reward 0.029 max 0.1 format 0.29 solved 0.00 2.6s
[4] reward 0.038 max 1.0 format 0.30 solved 0.01 2.5s
[5] reward 0.042 max 0.1 format 0.42 solved 0.00 2.5s
[6] reward 0.058 max 1.0 format 0.47 solved 0.01 2.5s
[7] reward 0.053 max 1.0 format 0.38 solved 0.02 2.5s
[8] reward 0.053 max 0.1 format 0.53 solved 0.00 2.5s
[9] reward 0.058 max 1.0 format 0.47 solved 0.01 2.4s
[10] reward 0.087 max 1.0 format 0.50 solved 0.04 2.4s
[11] reward 0.066 max 1.0 format 0.55 solved 0.01 2.5s
[12] reward 0.069 max 1.0 format 0.61 solved 0.01 2.5s
[13] reward 0.058 max 1.0 format 0.54 solved 0.00 2.6s
[14] reward 0.073 max 1.0 format 0.54 solved 0.02 2.6s
[15] reward 0.065 max 1.0 format 0.61 solved 0.00 2.6s
[16] reward 0.076 max 1.0 format 0.72 solved 0.00 2.5s
[17] reward 0.074 max 1.0 format 0.63 solved 0.01 2.5s
[18] reward 0.084 max 1.0 format 0.80 solved 0.00 2.5s
[19] reward 0.075 max 1.0 format 0.60 solved 0.02 2.5s
[20] reward 0.082 max 1.0 format 0.74 solved 0.01 2.5s
[21] reward 0.090 max 1.0 format 0.75 solved 0.02 2.5s
[22] reward 0.091 max 1.0 format 0.69 solved 0.03 2.5s
[23] reward 0.090 max 1.0 format 0.71 solved 0.02 2.5s
[24] reward 0.077 max 0.1 format 0.77 solved 0.00 2.4s
[25] reward 0.115 max 1.0 format 0.74 solved 0.05 2.5s
[26] reward 0.108 max 1.0 format 0.81 solved 0.03 2.5s
[27] reward 0.103 max 1.0 format 0.84 solved 0.02 2.5s
[28] reward 0.096 max 1.0 format 0.88 solved 0.01 2.5s
[29] reward 0.102 max 1.0 format 0.80 solved 0.03 2.5s
[30] EVAL reward 0.115 solved 0.018 format 0.98 24s
done
==== probe-seed-chunk1 (2026-09-01T00:41:36Z) ====
[transformers] PyTorch was not found. Models won't be available and only tokenizers, configuration and file/data utilities can be used.
[0] EVAL reward 0.055 solved 0.013 format 0.43 28s
[0] reward 0.028 max 1.0 format 0.17 solved 0.01 491.2s
[1] reward 0.020 max 1.0 format 0.17 solved 0.00 523.6s
[2] reward 0.030 max 1.0 format 0.27 solved 0.00 8.1s
[3] reward 0.041 max 1.0 format 0.26 solved 0.02 8.2s
[4] reward 0.044 max 1.0 format 0.33 solved 0.01 8.2s
[5] reward 0.028 max 0.1 format 0.28 solved 0.00 8.2s
[6] reward 0.058 max 1.0 format 0.42 solved 0.02 8.2s
[7] reward 0.067 max 1.0 format 0.37 solved 0.03 8.2s
[8] reward 0.040 max 0.1 format 0.40 solved 0.00 8.2s
[9] reward 0.045 max 1.0 format 0.37 solved 0.01 8.2s
[10] reward 0.047 max 1.0 format 0.32 solved 0.02 8.2s
[11] reward 0.068 max 1.0 format 0.45 solved 0.03 8.2s
[12] reward 0.052 max 1.0 format 0.44 solved 0.01 8.2s
[13] reward 0.057 max 1.0 format 0.45 solved 0.01 8.2s
[14] reward 0.079 max 1.0 format 0.57 solved 0.03 8.2s
[15] reward 0.051 max 1.0 format 0.47 solved 0.00 8.1s
[16] reward 0.057 max 1.0 format 0.53 solved 0.00 8.2s
[17] reward 0.083 max 1.0 format 0.68 solved 0.02 8.1s
[18] reward 0.089 max 1.0 format 0.74 solved 0.02 8.0s
[19] reward 0.085 max 1.0 format 0.55 solved 0.03 8.1s
[20] reward 0.070 max 1.0 format 0.62 solved 0.01 8.2s
[21] reward 0.092 max 1.0 format 0.77 solved 0.02 8.2s
[22] reward 0.098 max 1.0 format 0.68 solved 0.03 8.2s
[23] reward 0.098 max 1.0 format 0.79 solved 0.02 8.2s
[24] reward 0.082 max 1.0 format 0.78 solved 0.00 8.1s
[25] reward 0.098 max 1.0 format 0.68 solved 0.03 8.1s
[26] reward 0.110 max 1.0 format 0.69 solved 0.05 8.1s
[27] reward 0.097 max 1.0 format 0.78 solved 0.02 8.2s
[28] reward 0.073 max 0.1 format 0.73 solved 0.00 8.1s
[29] reward 0.106 max 1.0 format 0.87 solved 0.02 8.1s
[30] EVAL reward 0.137 solved 0.045 format 0.97 24s
done
PROBE_DONE
