bootstrapped 2026-10-06T15:00:10Z on nvidia-h200
finished engine p1 flags='' exit 0: replay 0: 0 leaf sums differ between two evaluations, 1 updates differ from master - coef * sum; digest d59e2a97bbbe; 73s|replay 1: 0 leaf sums differ between two evaluations, 0 updates differ from master - coef * sum; digest 664fa37fd0b4; 63s|
finished jax p1 flags='' exit 0: replay 0: 0 leaf sums differ between two evaluations, 0 updates differ from master - coef * sum; digest 664fa37fd0b4; 72s|replay 1: 0 leaf sums differ between two evaluations, 0 updates differ from master - coef * sum; digest 664fa37fd0b4; 65s|
finished engine nocb flags='--xla_gpu_enable_command_buffer=' exit 0: replay 0: 0 leaf sums differ between two evaluations, 0 updates differ from master - coef * sum; digest 664fa37fd0b4; 71s|replay 1: 0 leaf sums differ between two evaluations, 0 updates differ from master - coef * sum; digest 664fa37fd0b4; 66s|
finished engine det flags='--xla_gpu_deterministic_ops=true' exit 0: replay 0: 0 leaf sums differ between two evaluations, 0 updates differ from master - coef * sum; digest 664fa37fd0b4; 68s|replay 1: 0 leaf sums differ between two evaluations, 0 updates differ from master - coef * sum; digest 664fa37fd0b4; 65s|
finished engine p2 flags='' exit 0: replay 0: 0 leaf sums differ between two evaluations, 0 updates differ from master - coef * sum; digest 664fa37fd0b4; 74s|replay 1: 13 leaf sums differ between two evaluations, 13 updates differ from master - coef * sum; digest cdb7f04c0fbe; 64s|
finished jax p2 flags='' exit 0: replay 0: 28 leaf sums differ between two evaluations, 35 updates differ from master - coef * sum; digest 6271bd15c658; 72s|replay 1: 18 leaf sums differ between two evaluations, 30 updates differ from master - coef * sum; digest 81c41906d76a; 67s|
finished engine at0 flags='--xla_gpu_autotune_level=0' exit 0: replay 0: 0 leaf sums differ between two evaluations, 0 updates differ from master - coef * sum; digest 664fa37fd0b4; 73s|replay 1: 0 leaf sums differ between two evaluations, 0 updates differ from master - coef * sum; digest 664fa37fd0b4; 67s|
finished engine nocb2 flags='--xla_gpu_enable_command_buffer=' exit 0: replay 0: 0 leaf sums differ between two evaluations, 0 updates differ from master - coef * sum; digest 664fa37fd0b4; 67s|replay 1: 0 leaf sums differ between two evaluations, 0 updates differ from master - coef * sum; digest 664fa37fd0b4; 66s|
finished engine det2 flags='--xla_gpu_deterministic_ops=true' exit 0: replay 0: 0 leaf sums differ between two evaluations, 0 updates differ from master - coef * sum; digest 664fa37fd0b4; 73s|replay 1: 0 leaf sums differ between two evaluations, 0 updates differ from master - coef * sum; digest 664fa37fd0b4; 65s|
finished engine p3 flags='' exit 0: replay 0: 0 leaf sums differ between two evaluations, 1 updates differ from master - coef * sum; digest 5ee22451303d; 69s|replay 1: 0 leaf sums differ between two evaluations, 0 updates differ from master - coef * sum; digest 664fa37fd0b4; 64s|
finished jax p3 flags='' exit 0: replay 0: 0 leaf sums differ between two evaluations, 0 updates differ from master - coef * sum; digest 664fa37fd0b4; 70s|replay 1: 0 leaf sums differ between two evaluations, 0 updates differ from master - coef * sum; digest 664fa37fd0b4; 65s|
finished engine at02 flags='--xla_gpu_autotune_level=0' exit 0: replay 0: 0 leaf sums differ between two evaluations, 0 updates differ from master - coef * sum; digest 664fa37fd0b4; 73s|replay 1: 0 leaf sums differ between two evaluations, 0 updates differ from master - coef * sum; digest 664fa37fd0b4; 67s|
chain-finished
=== round robin
bootstrapped 2026-10-06T15:36:09Z on nvidia-h200
finished jax d4 flags='' exit 0: replay 0: 22 leaf sums differ between two evaluations, 21 updates differ from master - coef * sum; digest 7a74b8d5bca6; 69s|replay 1: 26 leaf sums differ between two evaluations, 28 updates differ from master - coef * sum; digest 77151969f049; 67s|
finished jax at0-4 flags='--xla_gpu_autotune_level=0' exit 0: replay 0: 0 leaf sums differ between two evaluations, 0 updates differ from master - coef * sum; digest 664fa37fd0b4; 72s|replay 1: 0 leaf sums differ between two evaluations, 0 updates differ from master - coef * sum; digest 664fa37fd0b4; 67s|
finished jax nocb-4 flags='--xla_gpu_enable_command_buffer=' exit 0: replay 0: 0 leaf sums differ between two evaluations, 0 updates differ from master - coef * sum; digest 664fa37fd0b4; 73s|replay 1: 0 leaf sums differ between two evaluations, 0 updates differ from master - coef * sum; digest 664fa37fd0b4; 66s|
finished jax det-4 flags='--xla_gpu_deterministic_ops=true' exit 0: replay 0: 11 leaf sums differ between two evaluations, 16 updates differ from master - coef * sum; digest fbd66253b158; 71s|replay 1: 36 leaf sums differ between two evaluations, 29 updates differ from master - coef * sum; digest cb79e4ed7602; 66s|
finished jax d5 flags='' exit 0: replay 0: 16 leaf sums differ between two evaluations, 17 updates differ from master - coef * sum; digest 539ce5458419; 71s|replay 1: 27 leaf sums differ between two evaluations, 39 updates differ from master - coef * sum; digest 4461ef5c55a7; 67s|
finished jax at0-5 flags='--xla_gpu_autotune_level=0' exit 0: replay 0: 11 leaf sums differ between two evaluations, 12 updates differ from master - coef * sum; digest e3e7ab4096e2; 69s|replay 1: 33 leaf sums differ between two evaluations, 39 updates differ from master - coef * sum; digest ef985aac9899; 65s|
finished jax nocb-5 flags='--xla_gpu_enable_command_buffer=' exit 0: replay 0: 8 leaf sums differ between two evaluations, 6 updates differ from master - coef * sum; digest 811470295b45; 73s|replay 1: 11 leaf sums differ between two evaluations, 15 updates differ from master - coef * sum; digest dc1129f0f68a; 66s|
finished jax det-5 flags='--xla_gpu_deterministic_ops=true' exit 0: replay 0: 17 leaf sums differ between two evaluations, 15 updates differ from master - coef * sum; digest e5646baa47fb; 69s|replay 1: 27 leaf sums differ between two evaluations, 28 updates differ from master - coef * sum; digest 3290c00af760; 66s|
finished jax d6 flags='' exit 0: replay 0: 13 leaf sums differ between two evaluations, 15 updates differ from master - coef * sum; digest 79da8413b326; 68s|replay 1: 20 leaf sums differ between two evaluations, 31 updates differ from master - coef * sum; digest 1b0fc1d3d1bc; 66s|
=== round robin stopped after round 2 (flags do not fix it)
=== fixed 154f63bb15af20e78f377731490f7f0e006a437b
bootstrapped 2026-10-06T16:08:14Z on nvidia-h200
finished jax fixed1 flags='' exit 0: replay 0: 0 leaf sums differ between two evaluations, 0 updates differ from master - coef * sum; digest 664fa37fd0b4; 134s|replay 1: 0 leaf sums differ between two evaluations, 0 updates differ from master - coef * sum; digest 664fa37fd0b4; 133s|
finished engine fixed1 flags='' exit 0: replay 0: 0 leaf sums differ between two evaluations, 0 updates differ from master - coef * sum; digest 664fa37fd0b4; 118s|replay 1: 0 leaf sums differ between two evaluations, 0 updates differ from master - coef * sum; digest 664fa37fd0b4; 123s|
finished jax fixed2 flags='' exit 0: replay 0: 0 leaf sums differ between two evaluations, 0 updates differ from master - coef * sum; digest 664fa37fd0b4; 111s|replay 1: 0 leaf sums differ between two evaluations, 0 updates differ from master - coef * sum; digest 664fa37fd0b4; 110s|
finished engine fixed2 flags='' exit 0: replay 0: 0 leaf sums differ between two evaluations, 0 updates differ from master - coef * sum; digest 664fa37fd0b4; 110s|replay 1: 0 leaf sums differ between two evaluations, 0 updates differ from master - coef * sum; digest 664fa37fd0b4; 115s|
finished jax fixed3 flags='' exit 0: replay 0: 0 leaf sums differ between two evaluations, 0 updates differ from master - coef * sum; digest 664fa37fd0b4; 126s|replay 1: 0 leaf sums differ between two evaluations, 0 updates differ from master - coef * sum; digest 664fa37fd0b4; 136s|
finished engine fixed3 flags='' exit 0: replay 0: 0 leaf sums differ between two evaluations, 0 updates differ from master - coef * sum; digest 664fa37fd0b4; 114s|replay 1: 0 leaf sums differ between two evaluations, 0 updates differ from master - coef * sum; digest 664fa37fd0b4; 112s|
chain-finished
